<!DOCTYPE html>
<html lang="en">
<head>
  <meta charset="utf-8">
  <meta http-equiv="X-UA-Compatible" content="IE=edge">
  <meta name="viewport" content="width=device-width, height=device-height, initial-scale=1, user-scalable=no">
  <meta name="description" content="API docs for the prettyJson function from the pana library, for the Dart programming language.">
  <title>prettyJson function - pana library - Dart API</title>
  <link rel="canonical" href="https://pub.dev/documentation/pana/0.12.2/pana/prettyJson.html">

  
  <link href="https://fonts.googleapis.com/css?family=Source+Code+Pro:500,400i,400,300|Source+Sans+Pro:400,300,700" rel="stylesheet">
  <link href="https://fonts.googleapis.com/icon?family=Material+Icons" rel="stylesheet">
  <link rel="stylesheet" href="../static-assets/github.css">
  <link rel="stylesheet" href="../static-assets/styles.css">
  <link rel="icon" href="../static-assets/favicon.png">

</head>

<body data-base-href="../"
      data-using-base-href="false">

<div id="overlay-under-drawer"></div>

<header id="title">
  <button id="sidenav-left-toggle" type="button">&nbsp;</button>
  <ol class="breadcrumbs gt-separated dark hidden-xs">
    <li><a href="../index.html">pana</a></li>
    <li><a href="../pana/pana-library.html">pana</a></li>
    <li class="self-crumb">prettyJson function</li>
  </ol>
  <div class="self-name">prettyJson</div>
  <form class="search navbar-right" role="search">
    <input type="text" id="search-box" autocomplete="off" disabled class="form-control typeahead" placeholder="Loading search...">
  </form>
</header>

<main>

  <div id="dartdoc-sidebar-left" class="col-xs-6 col-sm-3 col-md-2 sidebar sidebar-offcanvas-left">
    <header id="header-search-sidebar" class="hidden-l">
      <form class="search-sidebar" role="search">
        <input type="text" id="search-sidebar" autocomplete="off" disabled class="form-control typeahead" placeholder="Loading search...">
      </form>
    </header>
    
    <ol class="breadcrumbs gt-separated dark hidden-l" id="sidebar-nav">
      <li><a href="../index.html">pana</a></li>
      <li><a href="../pana/pana-library.html">pana</a></li>
      <li class="self-crumb">prettyJson function</li>
    </ol>
    
    <h5>pana library</h5>
    <ol>
      <li class="section-title"><a href="../pana/pana-library.html#classes">Classes</a></li>
      <li><a href="../models/CodeProblem-class.html">CodeProblem</a></li>
      <li><a href="../pana/ComponentDef-class.html">ComponentDef</a></li>
      <li><a href="../models/ComponentNames-class.html">ComponentNames</a></li>
      <li><a href="../models/ConstraintTypes-class.html">ConstraintTypes</a></li>
      <li><a href="../pana/DartdocResult-class.html">DartdocResult</a></li>
      <li><a href="../models/DartFileSummary-class.html">DartFileSummary</a></li>
      <li><a href="../models/DartPlatform-class.html">DartPlatform</a></li>
      <li><a href="../pana/DartSdkInfo-class.html">DartSdkInfo</a></li>
      <li><a href="../models/DependencyTypes-class.html">DependencyTypes</a></li>
      <li><a href="../models/Health-class.html">Health</a></li>
      <li><a href="../pana/InspectOptions-class.html">InspectOptions</a></li>
      <li><a href="../models/LicenseFile-class.html">LicenseFile</a></li>
      <li><a href="../models/LicenseNames-class.html">LicenseNames</a></li>
      <li><a href="../models/Maintenance-class.html">Maintenance</a></li>
      <li><a href="../pana/PackageAnalyzer-class.html">PackageAnalyzer</a></li>
      <li><a href="../pana/PackageLocation-class.html">PackageLocation</a></li>
      <li><a href="../models/PanaRuntimeInfo-class.html">PanaRuntimeInfo</a></li>
      <li><a href="../models/PkgDependency-class.html">PkgDependency</a></li>
      <li><a href="../models/PkgResolution-class.html">PkgResolution</a></li>
      <li><a href="../pana/PlatformDef-class.html">PlatformDef</a></li>
      <li><a href="../models/PlatformNames-class.html">PlatformNames</a></li>
      <li><a href="../pana/PubEntry-class.html">PubEntry</a></li>
      <li><a href="../pana/Pubspec-class.html">Pubspec</a></li>
      <li><a href="../models/Suggestion-class.html">Suggestion</a></li>
      <li><a href="../models/SuggestionCode-class.html">SuggestionCode</a></li>
      <li><a href="../models/SuggestionLevel-class.html">SuggestionLevel</a></li>
      <li><a href="../models/Summary-class.html">Summary</a></li>
      <li><a href="../pana/ToolEnvironment-class.html">ToolEnvironment</a></li>
      <li><a href="../pana/UrlChecker-class.html">UrlChecker</a></li>
    
    
    
      <li class="section-title"><a href="../pana/pana-library.html#constants">Constants</a></li>
      <li><a href="../pana/currentAnalysisOptionsFileName-constant.html">currentAnalysisOptionsFileName</a></li>
      <li><a href="../pana/packageVersion-constant.html">packageVersion</a></li>
    
      <li class="section-title"><a href="../pana/pana-library.html#properties">Properties</a></li>
      <li><a href="../pana/analysisOptionsFiles.html">analysisOptionsFiles</a></li>
      <li><a href="../pana/changelogFileNames.html">changelogFileNames</a></li>
      <li><a href="../pana/imageExtensions.html">imageExtensions</a></li>
      <li><a href="../pana/readmeFileNames.html">readmeFileNames</a></li>
    
      <li class="section-title"><a href="../pana/pana-library.html#functions">Functions</a></li>
      <li><a href="../pana/byteStreamSplit.html">byteStreamSplit</a></li>
      <li><a href="../pana/calcHealth.html">calcHealth</a></li>
      <li><a href="../pana/classifyLibPlatform.html">classifyLibPlatform</a></li>
      <li><a href="../pana/classifyPkgPlatform.html">classifyPkgPlatform</a></li>
      <li><a href="../pana/createPkgResolution.html">createPkgResolution</a></li>
      <li><a href="../pana/detectLicenseInContent.html">detectLicenseInContent</a></li>
      <li><a href="../pana/detectLicenseInFile.html">detectLicenseInFile</a></li>
      <li><a href="../pana/detectLicensesInDir.html">detectLicensesInDir</a></li>
      <li><a href="../pana/detectMaintenance.html">detectMaintenance</a></li>
      <li><a href="../pana/downloadPackage.html">downloadPackage</a></li>
      <li><a href="../pana/exampleFileCandidates.html">exampleFileCandidates</a></li>
      <li><a href="../pana/fileSize.html">fileSize</a></li>
      <li><a href="../pana/firstFileFromNames.html">firstFileFromNames</a></li>
      <li><a href="../pana/getAgeSuggestion.html">getAgeSuggestion</a></li>
      <li><a href="../pana/getDartdocRunFailedSuggestion.html">getDartdocRunFailedSuggestion</a></li>
      <li><a href="../pana/getDartdocSuggestions.html">getDartdocSuggestions</a></li>
      <li><a href="../pana/getMaintenanceScore.html">getMaintenanceScore</a></li>
      <li><a href="../pana/getPubspecContent.html">getPubspecContent</a></li>
      <li><a href="../pana/getRepositoryUrl.html">getRepositoryUrl</a></li>
      <li><a href="../pana/getSignals.html">getSignals</a></li>
      <li><a href="../pana/handleProcessErrors.html">handleProcessErrors</a></li>
      <li><a href="../pana/listFiles.html">listFiles</a></li>
      <li><a href="../pana/listFocusDirs.html">listFocusDirs</a></li>
      <li><a href="../pana/parseCodeProblem.html">parseCodeProblem</a></li>
      <li><a href="../pana/prettyJson.html">prettyJson</a></li>
      <li><a href="../pana/runProc.html">runProc</a></li>
      <li><a href="../pana/runProcSync.html">runProcSync</a></li>
      <li><a href="../pana/sortedJson.html">sortedJson</a></li>
      <li><a href="../pana/toPackageUri.html">toPackageUri</a></li>
      <li><a href="../pana/toRelativePath.html">toRelativePath</a></li>
      <li><a href="../pana/updateLicenseUrls.html">updateLicenseUrls</a></li>
      <li><a href="../pana/yamlToJson.html">yamlToJson</a></li>
    
      <li class="section-title"><a href="../pana/pana-library.html#enums">Enums</a></li>
      <li><a href="../models/PlatformUse-class.html">PlatformUse</a></li>
      <li><a href="../pana/UrlStatus-class.html">UrlStatus</a></li>
      <li><a href="../pana/Verbosity-class.html">Verbosity</a></li>
      <li><a href="../models/VersionResolutionType-class.html">VersionResolutionType</a></li>
    
    
    </ol>
  </div><!--/.sidebar-offcanvas-left-->

  <div id="dartdoc-main-content" class="col-xs-12 col-sm-9 col-md-8 main-content">
      <div><h1><span class="kind-function">prettyJson</span> function </h1></div>

    <section class="multi-line-signature">
        <span class="returntype">String</span>
                <span class="name ">prettyJson</span>
(<wbr><ol class="parameter-list"><li><span class="parameter" id="prettyJson-param-obj"><span class="type-annotation">dynamic</span> <span class="parameter-name">obj</span></span></li>
</ol>)
    </section>
    
    <section class="summary source-code" id="source">
      <h2><span>Implementation</span></h2>
      <pre class="language-dart"><code class="language-dart">String prettyJson(obj) {
  try {
    return const JsonEncoder.withIndent(&#39; &#39;).convert(obj);
  } on JsonUnsupportedObjectError catch (e) {
    dynamic error = e;

    while (error is JsonUnsupportedObjectError) {
      stderr.writeln([
        error,
        &quot;${error.unsupportedObject} - (${error.unsupportedObject.runtimeType})&quot;,
        error.cause == null ? null : &quot;Nested cause: ${error.cause}&quot;,
        error.stackTrace
      ].where((i) =&gt; i != null).join(&#39;\n&#39;));

      error = error.cause;
    }
    rethrow;
  }
}</code></pre>
    </section>

  </div> <!-- /.main-content -->

  <div id="dartdoc-sidebar-right" class="col-xs-6 col-sm-6 col-md-2 sidebar sidebar-offcanvas-right">
  </div><!--/.sidebar-offcanvas-->

</main>

<footer>
  <span class="no-break">
    pana
      0.12.2
  </span>

</footer>

<script src="https://ajax.googleapis.com/ajax/libs/jquery/3.2.1/jquery.min.js"></script>
<script src="../static-assets/typeahead.bundle.min.js"></script>
<script src="../static-assets/highlight.pack.js"></script>
<script src="../static-assets/URI.js"></script>
<script src="../static-assets/script.js"></script>


</body>

</html>
