<html lang="en">
  <head>
    <meta name="robots" content="noindex"/>
    <script async="async" src="https://www.googletagmanager.com/gtag/js?id=UA-26406144-13"/>
    <script src="/static/js/gtag.js"/>
    <meta charset="utf-8"/>
    <meta http-equiv="X-UA-Compatible" content="IE=edge"/>
    <meta name="viewport" content="width=device-width, height=device-height, initial-scale=1, user-scalable=no"/>
    <meta name="description" content="API docs for the LicenseFile class from the models library, for the Dart programming language."/>
    <title>LicenseFile class - models library - Dart API</title>
    <link rel="alternate" href="/documentation/pana/latest/"/>
    <link rel="canonical" href="https://pub.dev/documentation/pana/0.12.2/models/LicenseFile-class.html"/>
    <link href="https://fonts.googleapis.com/css?family=Source+Code+Pro:500,400i,400,300|Source+Sans+Pro:400,300,700" rel="stylesheet"/>
    <link href="https://fonts.googleapis.com/icon?family=Material+Icons" rel="stylesheet"/>
    <link rel="stylesheet" href="../static-assets/github.css"/>
    <link rel="stylesheet" href="../static-assets/styles.css"/>
    <link rel="icon" href="../static-assets/favicon.png"/>
  </head>
  <body data-base-href="../" data-using-base-href="false">
    <div id="overlay-under-drawer"/>
    <header id="title">
      <button id="sidenav-left-toggle" type="button"></button>
      <a class="hidden-xs" href="/">
        <img src="/static/img/dart-logo.svg?hash=gqea88bp2ii6tqf5rn5p8jtg22mma809" style="height: 30px; margin-right: 1em;"/>
      </a>
      <ol class="breadcrumbs gt-separated dark hidden-xs">
        <li>
          <a href="/packages/pana/versions/0.12.2">pana package</a>
        </li>
        <li>
          <a href="../index.html">documentation</a>
        </li>
        <li>
          <a href="../models/models-library.html">models</a>
        </li>
        <li class="self-crumb">LicenseFile class</li>
      </ol>
      <div class="self-name">LicenseFile</div>
      <form class="search navbar-right" role="search">
        <input type="text" id="search-box" autocomplete="off" disabled="" class="form-control typeahead" placeholder="Loading search..."/>
      </form>
    </header>
    <main>
      <div id="dartdoc-sidebar-left" class="col-xs-6 col-sm-3 col-md-2 sidebar sidebar-offcanvas-left">
        <header id="header-search-sidebar" class="hidden-l">
          <form class="search-sidebar" role="search">
            <input type="text" id="search-sidebar" autocomplete="off" disabled="" class="form-control typeahead" placeholder="Loading search..."/>
          </form>
        </header>
        <ol class="breadcrumbs gt-separated dark hidden-l" id="sidebar-nav">
          <li>
            <a href="/packages/pana/versions/0.12.2">pana package</a>
          </li>
          <li>
            <a href="../index.html">documentation</a>
          </li>
          <li>
            <a href="../models/models-library.html">models</a>
          </li>
          <li class="self-crumb">LicenseFile class</li>
        </ol>
        <h5>models library</h5>
        <ol>
          <li class="section-title">
            <a href="../models/models-library.html#classes">Classes</a>
          </li>
          <li>
            <a href="../models/CodeProblem-class.html">CodeProblem</a>
          </li>
          <li>
            <a href="../models/ComponentNames-class.html">ComponentNames</a>
          </li>
          <li>
            <a href="../models/ConstraintTypes-class.html">ConstraintTypes</a>
          </li>
          <li>
            <a href="../models/DartFileSummary-class.html">DartFileSummary</a>
          </li>
          <li>
            <a href="../models/DartPlatform-class.html">DartPlatform</a>
          </li>
          <li>
            <a href="../models/DependencyTypes-class.html">DependencyTypes</a>
          </li>
          <li>
            <a href="../models/Health-class.html">Health</a>
          </li>
          <li>
            <a href="../models/LicenseFile-class.html">LicenseFile</a>
          </li>
          <li>
            <a href="../models/LicenseNames-class.html">LicenseNames</a>
          </li>
          <li>
            <a href="../models/Maintenance-class.html">Maintenance</a>
          </li>
          <li>
            <a href="../models/PanaRuntimeInfo-class.html">PanaRuntimeInfo</a>
          </li>
          <li>
            <a href="../models/PkgDependency-class.html">PkgDependency</a>
          </li>
          <li>
            <a href="../models/PkgResolution-class.html">PkgResolution</a>
          </li>
          <li>
            <a href="../models/PlatformNames-class.html">PlatformNames</a>
          </li>
          <li>
            <a href="../models/Suggestion-class.html">Suggestion</a>
          </li>
          <li>
            <a href="../models/SuggestionCode-class.html">SuggestionCode</a>
          </li>
          <li>
            <a href="../models/SuggestionLevel-class.html">SuggestionLevel</a>
          </li>
          <li>
            <a href="../models/Summary-class.html">Summary</a>
          </li>
          <li class="section-title">
            <a href="../models/models-library.html#enums">Enums</a>
          </li>
          <li>
            <a href="../models/PlatformUse-class.html">PlatformUse</a>
          </li>
          <li>
            <a href="../models/VersionResolutionType-class.html">VersionResolutionType</a>
          </li>
        </ol>
      </div>
      <div id="dartdoc-main-content" class="col-xs-12 col-sm-9 col-md-8 main-content">
        <div>
          <h1>
            <span class="kind-class">LicenseFile</span> class 
          </h1>
        </div>
        <section>
          <dl class="dl-horizontal">
            <dt>Annotations</dt>
            <dd>
              <ul class="annotation-list clazz-relationships">
                <li>@JsonSerializable()</li>
              </ul>
            </dd>
          </dl>
        </section>
        <section class="summary offset-anchor" id="constructors">
          <h2>Constructors</h2>
          <dl class="constructor-summary-list">
            <dt id="LicenseFile" class="callable">
              <span class="name">
                <a href="../models/LicenseFile/LicenseFile.html">LicenseFile</a>
              </span>
              <span class="signature">(
                <span class="parameter" id="-param-path">
                  <span class="type-annotation">String</span>
                  <span class="parameter-name">path</span>, 
                </span>
                <wbr/>
                <span class="parameter" id="-param-name">
                  <span class="type-annotation">String</span>
                  <span class="parameter-name">name</span>, 
                </span>
                <wbr/>
                <span class="parameter" id="-param-version">{
                  <span class="type-annotation">String</span>
                  <span class="parameter-name">version</span>, 
                </span>
                <wbr/>
                <span class="parameter" id="-param-url">
                  <span class="type-annotation">String</span>
                  <span class="parameter-name">url</span>}
                </span>
                <wbr/>)
              </span>
            </dt>
            <dd></dd>
            <dt id="LicenseFile.fromJson" class="callable">
              <span class="name">
                <a href="../models/LicenseFile/LicenseFile.fromJson.html">LicenseFile.fromJson</a>
              </span>
              <span class="signature">(
                <span class="parameter" id="fromJson-param-json">
                  <span class="type-annotation">Map
                    <span class="signature">&lt;
                      <wbr/>
                      <span class="type-parameter">String</span>, 
                      <span class="type-parameter">dynamic</span>>
                    </span>
                  </span>
                  <span class="parameter-name">json</span>
                </span>
                <wbr/>)
              </span>
            </dt>
            <dd>
              <div class="constructor-modifier features">factory</div>
            </dd>
          </dl>
        </section>
        <section class="summary offset-anchor" id="instance-properties">
          <h2>Properties</h2>
          <dl class="properties">
            <dt id="hashCode" class="property">
              <span class="name">
                <a href="../models/LicenseFile/hashCode.html">hashCode</a>
              </span>
              <span class="signature">→ int</span>
            </dt>
            <dd>
          The hash code for this object. 
              <a href="../models/LicenseFile/hashCode.html">[...]</a>
              <div class="features">read-only, override</div>
            </dd>
            <dt id="name" class="property">
              <span class="name">
                <a href="../models/LicenseFile/name.html">name</a>
              </span>
              <span class="signature">→ String</span>
            </dt>
            <dd>
              <div class="features">final</div>
            </dd>
            <dt id="path" class="property">
              <span class="name">
                <a href="../models/LicenseFile/path.html">path</a>
              </span>
              <span class="signature">→ String</span>
            </dt>
            <dd>
              <div class="features">final</div>
            </dd>
            <dt id="shortFormatted" class="property">
              <span class="name">
                <a href="../models/LicenseFile/shortFormatted.html">shortFormatted</a>
              </span>
              <span class="signature">→ String</span>
            </dt>
            <dd>
              <div class="features">read-only</div>
            </dd>
            <dt id="url" class="property">
              <span class="name">
                <a href="../models/LicenseFile/url.html">url</a>
              </span>
              <span class="signature">→ String</span>
            </dt>
            <dd>
              <div class="features">@JsonKey(includeIfNull: false), final</div>
            </dd>
            <dt id="version" class="property">
              <span class="name">
                <a href="../models/LicenseFile/version.html">version</a>
              </span>
              <span class="signature">→ String</span>
            </dt>
            <dd>
              <div class="features">@JsonKey(includeIfNull: false), final</div>
            </dd>
            <dt id="runtimeType" class="property inherited">
              <span class="name">
                <a href="../models/LicenseFile/runtimeType.html">runtimeType</a>
              </span>
              <span class="signature">→ Type</span>
            </dt>
            <dd class="inherited">
          A representation of the runtime type of the object. 
                  
              <div class="features">read-only, inherited</div>
            </dd>
          </dl>
        </section>
        <section class="summary offset-anchor" id="instance-methods">
          <h2>Methods</h2>
          <dl class="callables">
            <dt id="change" class="callable">
              <span class="name">
                <a href="../models/LicenseFile/change.html">change</a>
              </span>
              <span class="signature">(
                <wbr/>
                <span class="parameter" id="change-param-url">{
                  <span class="type-annotation">String</span>
                  <span class="parameter-name">url</span>}
                </span>
                <wbr/>)
            
                <span class="returntype parameter">→ 
                  <a href="../models/LicenseFile-class.html">LicenseFile</a>
                </span>
              </span>
            </dt>
            <dd></dd>
            <dt id="toString" class="callable">
              <span class="name">
                <a href="../models/LicenseFile/toString.html">toString</a>
              </span>
              <span class="signature">(
                <wbr/>)
            
                <span class="returntype parameter">→ String</span>
              </span>
            </dt>
            <dd>
          Returns a string representation of this object. 
                  
              <div class="features">override</div>
            </dd>
            <dt id="noSuchMethod" class="callable inherited">
              <span class="name">
                <a href="../models/LicenseFile/noSuchMethod.html">noSuchMethod</a>
              </span>
              <span class="signature">(
                <wbr/>
                <span class="parameter" id="noSuchMethod-param-invocation">
                  <span class="type-annotation">Invocation</span>
                  <span class="parameter-name">invocation</span>
                </span>
                <wbr/>)
            
                <span class="returntype parameter">→ dynamic</span>
              </span>
            </dt>
            <dd class="inherited">
          Invoked when a non-existent method or property is accessed. 
              <a href="../models/LicenseFile/noSuchMethod.html">[...]</a>
              <div class="features">inherited</div>
            </dd>
            <dt id="toJson" class="callable inherited">
              <span class="name">
                <a href="../models/LicenseFile/toJson.html">toJson</a>
              </span>
              <span class="signature">(
                <wbr/>)
            
                <span class="returntype parameter">→ Map
                  <span class="signature">&lt;
                    <wbr/>
                    <span class="type-parameter">String</span>, 
                    <span class="type-parameter">dynamic</span>>
                  </span>
                </span>
              </span>
            </dt>
            <dd class="inherited">
              <div class="features">inherited</div>
            </dd>
          </dl>
        </section>
        <section class="summary offset-anchor" id="operators">
          <h2>Operators</h2>
          <dl class="callables">
            <dt id="operator ==" class="callable">
              <span class="name">
                <a href="../models/LicenseFile/operator_equals.html">operator ==</a>
              </span>
              <span class="signature">(
                <wbr/>
                <span class="parameter" id="==-param-other">
                  <span class="type-annotation">Object</span>
                  <span class="parameter-name">other</span>
                </span>
                <wbr/>)
            
                <span class="returntype parameter">→ bool</span>
              </span>
            </dt>
            <dd>
          The equality operator. 
              <a href="../models/LicenseFile/operator_equals.html">[...]</a>
              <div class="features">override</div>
            </dd>
          </dl>
        </section>
      </div>
      <!-- /.main-content -->
      <div id="dartdoc-sidebar-right" class="col-xs-6 col-sm-6 col-md-2 sidebar sidebar-offcanvas-right">
        <ol>
          <li class="section-title">
            <a href="../models/LicenseFile-class.html#constructors">Constructors</a>
          </li>
          <li>
            <a href="../models/LicenseFile/LicenseFile.html">LicenseFile</a>
          </li>
          <li>
            <a href="../models/LicenseFile/LicenseFile.fromJson.html">fromJson</a>
          </li>
          <li class="section-title">
            <a href="../models/LicenseFile-class.html#instance-properties">Properties</a>
          </li>
          <li>
            <a href="../models/LicenseFile/hashCode.html">hashCode</a>
          </li>
          <li>
            <a href="../models/LicenseFile/name.html">name</a>
          </li>
          <li>
            <a href="../models/LicenseFile/path.html">path</a>
          </li>
          <li>
            <a href="../models/LicenseFile/shortFormatted.html">shortFormatted</a>
          </li>
          <li>
            <a href="../models/LicenseFile/url.html">url</a>
          </li>
          <li>
            <a href="../models/LicenseFile/version.html">version</a>
          </li>
          <li class="inherited">
            <a href="../models/LicenseFile/runtimeType.html">runtimeType</a>
          </li>
          <li class="section-title">
            <a href="../models/LicenseFile-class.html#instance-methods">Methods</a>
          </li>
          <li>
            <a href="../models/LicenseFile/change.html">change</a>
          </li>
          <li>
            <a href="../models/LicenseFile/toString.html">toString</a>
          </li>
          <li class="inherited">
            <a href="../models/LicenseFile/noSuchMethod.html">noSuchMethod</a>
          </li>
          <li class="inherited">
            <a href="../models/LicenseFile/toJson.html">toJson</a>
          </li>
          <li class="section-title">
            <a href="../models/LicenseFile-class.html#operators">Operators</a>
          </li>
          <li>
            <a href="../models/LicenseFile/operator_equals.html">operator ==</a>
          </li>
        </ol>
      </div>
      <!--/.sidebar-offcanvas-->
    </main>
    <footer>
      <span class="no-break">
    pana
      0.12.2
  </span>
    </footer>
    <script src="https://ajax.googleapis.com/ajax/libs/jquery/3.2.1/jquery.min.js"/>
    <script src="../static-assets/typeahead.bundle.min.js"/>
    <script src="../static-assets/highlight.pack.js"/>
    <script src="../static-assets/URI.js"/>
    <script src="../static-assets/script.js"/>
  </body>
</html>
