<!DOCTYPE html>
<html lang="en">
<head>
  <meta charset="utf-8">
  <meta http-equiv="X-UA-Compatible" content="IE=edge">
  <meta name="viewport" content="width=device-width, height=device-height, initial-scale=1, user-scalable=no">
  <meta name="description" content="API docs for the name property from the LicenseFile class, for the Dart programming language.">
  <title>name property - LicenseFile class - models library - Dart API</title>
  <link rel="canonical" href="https://pub.dev/documentation/pana/0.12.2/models/LicenseFile/name.html">

  
  <link href="https://fonts.googleapis.com/css?family=Source+Code+Pro:500,400i,400,300|Source+Sans+Pro:400,300,700" rel="stylesheet">
  <link href="https://fonts.googleapis.com/icon?family=Material+Icons" rel="stylesheet">
  <link rel="stylesheet" href="../../static-assets/github.css">
  <link rel="stylesheet" href="../../static-assets/styles.css">
  <link rel="icon" href="../../static-assets/favicon.png">

</head>

<body data-base-href="../../"
      data-using-base-href="false">

<div id="overlay-under-drawer"></div>

<header id="title">
  <button id="sidenav-left-toggle" type="button">&nbsp;</button>
  <ol class="breadcrumbs gt-separated dark hidden-xs">
    <li><a href="../../index.html">pana</a></li>
    <li><a href="../../models/models-library.html">models</a></li>
    <li><a href="../../models/LicenseFile-class.html">LicenseFile</a></li>
    <li class="self-crumb">name property</li>
  </ol>
  <div class="self-name">name</div>
  <form class="search navbar-right" role="search">
    <input type="text" id="search-box" autocomplete="off" disabled class="form-control typeahead" placeholder="Loading search...">
  </form>
</header>

<main>

  <div id="dartdoc-sidebar-left" class="col-xs-6 col-sm-3 col-md-2 sidebar sidebar-offcanvas-left">
    <header id="header-search-sidebar" class="hidden-l">
      <form class="search-sidebar" role="search">
        <input type="text" id="search-sidebar" autocomplete="off" disabled class="form-control typeahead" placeholder="Loading search...">
      </form>
    </header>
    
    <ol class="breadcrumbs gt-separated dark hidden-l" id="sidebar-nav">
      <li><a href="../../index.html">pana</a></li>
      <li><a href="../../models/models-library.html">models</a></li>
      <li><a href="../../models/LicenseFile-class.html">LicenseFile</a></li>
      <li class="self-crumb">name property</li>
    </ol>
    
    <h5>LicenseFile class</h5>
    <ol>
    
        <li class="section-title"><a href="../../models/LicenseFile-class.html#constructors">Constructors</a></li>
        <li><a href="../../models/LicenseFile/LicenseFile.html">LicenseFile</a></li>
        <li><a href="../../models/LicenseFile/LicenseFile.fromJson.html">fromJson</a></li>
    
        <li class="section-title">
            <a href="../../models/LicenseFile-class.html#instance-properties">Properties</a>
        </li>
        <li><a href="../../models/LicenseFile/hashCode.html">hashCode</a></li>
        <li><a href="../../models/LicenseFile/name.html">name</a></li>
        <li><a href="../../models/LicenseFile/path.html">path</a></li>
        <li><a href="../../models/LicenseFile/shortFormatted.html">shortFormatted</a></li>
        <li><a href="../../models/LicenseFile/url.html">url</a></li>
        <li><a href="../../models/LicenseFile/version.html">version</a></li>
        <li class="inherited"><a href="../../models/LicenseFile/runtimeType.html">runtimeType</a></li>
    
        <li class="section-title"><a href="../../models/LicenseFile-class.html#instance-methods">Methods</a></li>
        <li><a href="../../models/LicenseFile/change.html">change</a></li>
        <li><a href="../../models/LicenseFile/toString.html">toString</a></li>
        <li class="inherited"><a href="../../models/LicenseFile/noSuchMethod.html">noSuchMethod</a></li>
        <li class="inherited"><a href="../../models/LicenseFile/toJson.html">toJson</a></li>
    
        <li class="section-title"><a href="../../models/LicenseFile-class.html#operators">Operators</a></li>
        <li><a href="../../models/LicenseFile/operator_equals.html">operator ==</a></li>
    
    
    
    
    
    </ol>
  </div><!--/.sidebar-offcanvas-->

  <div id="dartdoc-main-content" class="col-xs-12 col-sm-9 col-md-8 main-content">
      <div><h1><span class="kind-property">name</span> property</h1></div>

        <section class="multi-line-signature">
          <span class="returntype">String</span>
          <span class="name ">name</span>
          <div class="features">final</div>
        </section>
                <section class="summary source-code" id="source">
          <h2><span>Implementation</span></h2>
          <pre class="language-dart"><code class="language-dart">final String name

</code></pre>
        </section>

  </div> <!-- /.main-content -->

  <div id="dartdoc-sidebar-right" class="col-xs-6 col-sm-6 col-md-2 sidebar sidebar-offcanvas-right">
  </div><!--/.sidebar-offcanvas-->

</main>

<footer>
  <span class="no-break">
    pana
      0.12.2
  </span>

</footer>

<script src="https://ajax.googleapis.com/ajax/libs/jquery/3.2.1/jquery.min.js"></script>
<script src="../../static-assets/typeahead.bundle.min.js"></script>
<script src="../../static-assets/highlight.pack.js"></script>
<script src="../../static-assets/URI.js"></script>
<script src="../../static-assets/script.js"></script>


</body>

</html>
