{
  "scorecard": {
    "packageName": "http",
    "packageVersion": "0.12.0",
    "runtimeVersion": "2018.11.16",
    "updated": "2018-11-16T13:46:22.688970Z",
    "packageCreated": "2012-11-30T20:40:39.499Z",
    "packageVersionCreated": "2018-09-18T17:44:06.118054Z",
    "healthScore": 1.0,
    "maintenanceScore": 0.7,
    "popularityScore": 0.9990946129470348,
    "platformTags": [
      "flutter",
      "web",
      "other"
    ],
    "flags": [
      "latest-stable"
    ],
    "reportTypes": [
      "pana"
    ],
    "overallScore": 0.9395473064735175
  },
  "reports": {
    "pana": {
      "timestamp": "2018-11-16T13:46:22.548220Z",
      "panaRuntimeInfo": {
        "panaVersion": "0.12.6",
        "sdkVersion": "2.1.0",
        "flutterVersions": {
          "frameworkVersion": "0.11.3",
          "channel": "unknown",
          "repositoryUrl": "unknown source",
          "frameworkRevision": "72bf075e8d6961d2ca6df462b2228954f8d0e73a",
          "frameworkCommitDate": "2018-11-09 20:36:17 -0800",
          "engineRevision": "5646e86a6f442dc6f4158ae7010ab13d72a0b356",
          "dartSdkVersion": "2.1.0 (build 2.1.0-dev.9.3 9c07fb64c4)"
        }
      },
      "reportStatus": "success",
      "healthScore": 1.0,
      "maintenanceScore": 0.7,
      "platformTags": [
        "flutter",
        "web",
        "other"
      ],
      "platformReason": "No platform restriction found in primary library `package:http/http.dart`.",
      "pkgDependencies": [
        {
          "package": "async",
          "dependencyType": "direct",
          "constraintType": "normal",
          "constraint": ">=1.10.0 <3.0.0",
          "resolved": "2.0.8"
        },
        {
          "package": "charcode",
          "dependencyType": "transitive",
          "constraintType": "inherited",
          "resolved": "1.1.2"
        },
        {
          "package": "collection",
          "dependencyType": "transitive",
          "constraintType": "inherited",
          "resolved": "1.14.11"
        },
        {
          "package": "http_parser",
          "dependencyType": "direct",
          "constraintType": "normal",
          "constraint": ">=0.0.1 <4.0.0",
          "resolved": "3.1.3"
        },
        {
          "package": "meta",
          "dependencyType": "transitive",
          "constraintType": "inherited",
          "resolved": "1.1.6"
        },
        {
          "package": "path",
          "dependencyType": "direct",
          "constraintType": "normal",
          "constraint": ">=0.9.0 <2.0.0",
          "resolved": "1.6.2"
        },
        {
          "package": "source_span",
          "dependencyType": "transitive",
          "constraintType": "inherited",
          "resolved": "1.4.1"
        },
        {
          "package": "string_scanner",
          "dependencyType": "transitive",
          "constraintType": "inherited",
          "resolved": "1.0.4"
        },
        {
          "package": "test",
          "dependencyType": "dev",
          "constraintType": "normal",
          "constraint": "^1.3.0"
        },
        {
          "package": "typed_data",
          "dependencyType": "transitive",
          "constraintType": "inherited",
          "resolved": "1.1.6"
        }
      ],
      "maintenanceSuggestions": [
        {
          "code": "pubspec.description.tooShort",
          "level": "hint",
          "title": "The description is too short.",
          "description": "Add more detail about the package, what it does and what is its target use case. Try to write at least 60 characters.",
          "score": 20.0
        },
        {
          "code": "example.missing",
          "level": "hint",
          "title": "Maintain an example.",
          "description": "Create a short demo in the `example/` directory to show how to use this package. Common file name patterns include: `main.dart`, `example.dart` or you could also use `http.dart`.",
          "score": 10.0
        }
      ],
      "licenses": [
        {
          "path": "LICENSE",
          "name": "BSD",
          "url": "https://github.com/dart-lang/http/blob/master/LICENSE"
        }
      ]
    }
  }
}
