<fragment>
  <table id='scores-table'>
    <tr>
      <td class="score-name">
        <div class="tooltip-base hoverable">
          <span class="tooltip-dotted">Popularity:</span>
          <div class="tooltip-content">
          Describes how popular the package is relative to other packages.
          
            <a href="/help#popularity">[more]</a>
          </div>
        </div>
      </td>
      <td class="score-value">
        <div class="score-percent-row">
          <div class="score-percent" style="left: 0%;">--</div>
        </div>
        <div class="score-progress-row">
          <div class="score-progress-frame">
            <div class="score-progress" style="width: 0%; background: rgb(204, 204, 204);"></div>
          </div>
        </div>
      </td>
    </tr>
    <tr>
      <td class="score-name">
        <div class="tooltip-base hoverable">
          <span class="tooltip-dotted">Health:</span>
          <div class="tooltip-content">
          Code health derived from static analysis.
          
            <a href="/help#health">[more]</a>
          </div>
        </div>
      </td>
      <td class="score-value">
        <div class="score-percent-row">
          <div class="score-percent" style="left: 0%;">--</div>
        </div>
        <div class="score-progress-row">
          <div class="score-progress-frame">
            <div class="score-progress" style="width: 0%; background: rgb(204, 204, 204);"></div>
          </div>
        </div>
      </td>
    </tr>
    <tr>
      <td class="score-name">
        <div class="tooltip-base hoverable">
          <span class="tooltip-dotted">Maintenance:</span>
          <div class="tooltip-content">
          Reflects how tidy and up-to-date the package is.
          
            <a href="/help#maintenance">[more]</a>
          </div>
        </div>
      </td>
      <td class="score-value">
        <div class="score-percent-row">
          <div class="score-percent" style="left: 0%;">--</div>
        </div>
        <div class="score-progress-row">
          <div class="score-progress-frame">
            <div class="score-progress" style="width: 0%; background: rgb(204, 204, 204);"></div>
          </div>
        </div>
      </td>
    </tr>
    <tr>
      <td class="score-name">
        <div class="tooltip-base hoverable">
          <span class="tooltip-dotted">
            <b>Overall:</b>
          </span>
          <div class="tooltip-content">
          Weighted score of the above.
          
            <a href="/help#overall-score">[more]</a>
          </div>
        </div>
      </td>
      <td>
        <div class="score-percent-row">
          <div class="score-percent" style="left: 0%;">0</div>
        </div>
        <div class="score-progress-row">
          <div class="score-progress-frame">
            <div class="score-progress" style="width: 0%; background: rgb(187, 36, 0);"></div>
          </div>
        </div>
      </td>
    </tr>
  </table>
  <div style="text-align: right; font-size: 10pt;">Learn more about 
    <a href="/help#scoring">scoring</a>.
  </div>
  <hr/>
  <p>
  This package version is not analyzed, because it is more than two years old.
  Check the 
    <a href="/packages/pkg_foo#-analysis-tab-">latest stable version</a> for its analysis.

  </p>
</fragment>
