<fragment>
  <table id='scores-table'>
    <tr>
      <td class="score-name">
        <div class="tooltip-base hoverable">
          <span class="tooltip-dotted">Popularity:</span>
          <div class="tooltip-content">
          Describes how popular the package is relative to other packages.
          
            <a href="/help#popularity">[more]</a>
          </div>
        </div>
      </td>
      <td class="score-value">
        <div class="score-percent-row">
          <div class="score-percent" style="left: 100%;">100</div>
        </div>
        <div class="score-progress-row">
          <div class="score-progress-frame">
            <div class="score-progress" style="width: 100%; background: rgb(192, 192, 192);"></div>
          </div>
        </div>
      </td>
    </tr>
    <tr>
      <td class="score-name">
        <div class="tooltip-base hoverable">
          <span class="tooltip-dotted">Health:</span>
          <div class="tooltip-content">
          Code health derived from static analysis.
          
            <a href="/help#health">[more]</a>
          </div>
        </div>
      </td>
      <td class="score-value">
        <div class="score-percent-row">
          <div class="score-percent" style="left: 100%;">100</div>
        </div>
        <div class="score-progress-row">
          <div class="score-progress-frame">
            <div class="score-progress" style="width: 100%; background: rgb(192, 192, 192);"></div>
          </div>
        </div>
      </td>
    </tr>
    <tr>
      <td class="score-name">
        <div class="tooltip-base hoverable">
          <span class="tooltip-dotted">Maintenance:</span>
          <div class="tooltip-content">
          Reflects how tidy and up-to-date the package is.
          
            <a href="/help#maintenance">[more]</a>
          </div>
        </div>
      </td>
      <td class="score-value">
        <div class="score-percent-row">
          <div class="score-percent" style="left: 70%;">70</div>
        </div>
        <div class="score-progress-row">
          <div class="score-progress-frame">
            <div class="score-progress" style="width: 70%; background: rgb(168, 173, 178);"></div>
          </div>
        </div>
      </td>
    </tr>
    <tr>
      <td class="score-name">
        <div class="tooltip-base hoverable">
          <span class="tooltip-dotted">
            <b>Overall:</b>
          </span>
          <div class="tooltip-content">
          Weighted score of the above.
          
            <a href="/help#overall-score">[more]</a>
          </div>
        </div>
      </td>
      <td>
        <div class="score-percent-row">
          <div class="score-percent" style="left: 94%;">94</div>
        </div>
        <div class="score-progress-row">
          <div class="score-progress-frame">
            <div class="score-progress" style="width: 94%; background: rgb(1, 117, 194);"></div>
          </div>
        </div>
      </td>
    </tr>
  </table>
  <div style="text-align: right; font-size: 10pt;">Learn more about 
    <a href="/help#scoring">scoring</a>.
  </div>
  <hr/>
  <p>
  We analyzed this package on Nov 16, 2018, and provided a score, details, and suggestions below.
  Analysis was completed with status 
    <i>completed</i> using:

  </p>
  <ul>
    <li>Dart: 2.1.0</li>
    <li>pana: 0.12.6</li>
  </ul>
  <h4>Maintenance suggestions</h4>
  <div class="suggestion-row">
    <div class="suggestion-title">
      <span class="suggestion-icon-info"></span>
      <p>The description is too short. (-20 points)</p>
    </div>
    <div class="suggestion-description">
      <p>Add more detail about the package, what it does and what is its target use case. Try to write at least 60 characters.</p>
    </div>
  </div>
  <div class="suggestion-row">
    <div class="suggestion-title">
      <span class="suggestion-icon-info"></span>
      <p>Maintain an example. (-10 points)</p>
    </div>
    <div class="suggestion-description">
      <p>Create a short demo in the 
        <code>example/</code> directory to show how to use this package. Common file name patterns include: 
        <code>main.dart</code>, 
        <code>example.dart</code> or you could also use 
        <code>http.dart</code>.
      </p>
    </div>
  </div>
  <h4>Dependencies</h4>
  <div class="overflow-x">
    <table class="dependency-table">
      <tr>
        <th>Package</th>
        <th>Constraint</th>
        <th>Resolved</th>
        <th>Available</th>
      </tr>
      <tr>
        <th colspan="4" class="sub-header">Direct dependencies</th>
      </tr>
      <tr>
        <td>Dart SDK</td>
        <td>>=1.23.0-dev.0.0 &lt;2.0.0</td>
        <td></td>
        <td></td>
      </tr>
      <tr>
        <td>
          <a href="/packages/async" class="hosted-pkg-link">async</a>
        </td>
        <td>>=1.10.0 &lt;3.0.0</td>
        <td>2.0.8</td>
        <td></td>
      </tr>
      <tr>
        <td>
          <a href="/packages/http_parser" class="hosted-pkg-link">http_parser</a>
        </td>
        <td>>=0.0.1 &lt;4.0.0</td>
        <td>3.1.3</td>
        <td></td>
      </tr>
      <tr>
        <td>
          <a href="/packages/path" class="hosted-pkg-link">path</a>
        </td>
        <td>>=0.9.0 &lt;2.0.0</td>
        <td>1.6.2</td>
        <td></td>
      </tr>
      <tr>
        <th colspan="4" class="sub-header">Transitive dependencies</th>
      </tr>
      <tr>
        <td>
          <a href="/packages/charcode" class="hosted-pkg-link">charcode</a>
        </td>
        <td></td>
        <td>1.1.2</td>
        <td></td>
      </tr>
      <tr>
        <td>
          <a href="/packages/collection" class="hosted-pkg-link">collection</a>
        </td>
        <td></td>
        <td>1.14.11</td>
        <td></td>
      </tr>
      <tr>
        <td>
          <a href="/packages/meta" class="hosted-pkg-link">meta</a>
        </td>
        <td></td>
        <td>1.1.6</td>
        <td></td>
      </tr>
      <tr>
        <td>
          <a href="/packages/source_span" class="hosted-pkg-link">source_span</a>
        </td>
        <td></td>
        <td>1.4.1</td>
        <td></td>
      </tr>
      <tr>
        <td>
          <a href="/packages/string_scanner" class="hosted-pkg-link">string_scanner</a>
        </td>
        <td></td>
        <td>1.0.4</td>
        <td></td>
      </tr>
      <tr>
        <td>
          <a href="/packages/typed_data" class="hosted-pkg-link">typed_data</a>
        </td>
        <td></td>
        <td>1.1.6</td>
        <td></td>
      </tr>
      <tr>
        <th colspan="4" class="sub-header">Dev dependencies</th>
      </tr>
      <tr>
        <td>
          <a href="/packages/test" class="hosted-pkg-link">test</a>
        </td>
        <td>^1.3.0</td>
        <td></td>
        <td></td>
      </tr>
    </table>
  </div>
</fragment>
