<fragment>
  <ul class="pagination">
    <li class="">
      <a href="/packages?page=9" rel="prev">
        <span>«</span>
      </a>
    </li>
    <li class="">
      <a href="/packages?page=5">
        <span>5</span>
      </a>
    </li>
    <li class="">
      <a href="/packages?page=6">
        <span>6</span>
      </a>
    </li>
    <li class="">
      <a href="/packages?page=7">
        <span>7</span>
      </a>
    </li>
    <li class="">
      <a href="/packages?page=8">
        <span>8</span>
      </a>
    </li>
    <li class="">
      <a href="/packages?page=9" rel="prev">
        <span>9</span>
      </a>
    </li>
    <li class="-active">
      <a href="">
        <span>10</span>
      </a>
    </li>
    <li class="-disabled">
      <a href="" rel="next">
        <span>»</span>
      </a>
    </li>
  </ul>
</fragment>
