<fragment>
  <ul class="pagination">
    <li class="-disabled">
      <a href="" rel="prev">
        <span>«</span>
      </a>
    </li>
    <li class="-active">
      <a href="">
        <span>1</span>
      </a>
    </li>
    <li class="">
      <a href="/packages?page=2" rel="next">
        <span>2</span>
      </a>
    </li>
    <li class="">
      <a href="/packages?page=3">
        <span>3</span>
      </a>
    </li>
    <li class="">
      <a href="/packages?page=4">
        <span>4</span>
      </a>
    </li>
    <li class="">
      <a href="/packages?page=5">
        <span>5</span>
      </a>
    </li>
    <li class="">
      <a href="/packages?page=6">
        <span>6</span>
      </a>
    </li>
    <li class="">
      <a href="/packages?page=2" rel="next">
        <span>»</span>
      </a>
    </li>
  </ul>
</fragment>
