<!DOCTYPE html>
<html lang="en-us">
  <head>
    <script async="async" src="https://www.googletagmanager.com/gtag/js?id=UA-26406144-13"></script>
    <script src="/static/js/gtag.js?hash=mocked_hash_221832925"></script>
    <meta charset="utf-8"/>
    <meta http-equiv="x-ua-compatible" content="ie=edge"/>
    <meta name="viewport" content="width=device-width, initial-scale=1"/>
    <meta name="robots" content="noindex"/>
    <!-- Twitter tags -->
    <meta name="twitter:card" content="summary"/>
    <meta name="twitter:site" content="@dart_lang"/>
    <meta name="twitter:description" content="lithium is a Dart package"/>
    <meta name="twitter:image" content="https://pub.dev/static/img/pub-dev-icon-cover-image.png?hash=mocked_hash_355802124"/>
    <!-- Facebook OG tags -->
    <meta property="og:type" content="website"/>
    <meta property="og:site_name" content="Dart packages"/>
    <meta property="og:title" content="lithium | Dart Package"/>
    <meta property="og:description" content="lithium is a Dart package"/>
    <meta property="og:image" content="https://pub.dev/static/img/pub-dev-icon-cover-image.png?hash=mocked_hash_355802124"/>
    <meta property="og:url" content="https://pub.dev/packages/lithium"/>
    <title>lithium | Dart Package</title>
    <link href="https://fonts.googleapis.com/css?family=Google+Sans:300,400,500|Google+Sans+Display:400|Roboto:300,400,500,700|Roboto+Mono:300,400,700" rel="stylesheet"/>
    <meta content="/static/img/pub-dev-icon-cover-image.png?hash=mocked_hash_355802124"/>
    <link rel="shortcut icon" href="/favicon.ico?hash=mocked_hash_985685822"/>
    <link rel="search" type="application/opensearchdescription+xml" title="Dart packages" href="/static/osd.xml?hash=mocked_hash_869379763"/>
    <meta name="description" content="lithium is a Dart package"/>
    <link rel="alternate" type="application/atom+xml" title="Updated Packages Feed for Pub" href="/feed.atom"/>
    <link href="/static/material/material-components-web.min.css?hash=mocked_hash_335393842" rel="stylesheet" type="text/css"/>
    <link href="/static/highlight/github.css?hash=mocked_hash_145446167" rel="stylesheet"/>
    <link href="/static/css/github-markdown.css?hash=mocked_hash_488759485" rel="stylesheet" type="text/css"/>
    <link href="/static/css/style.css?hash=mocked_hash_537099079" rel="stylesheet" type="text/css"/>
    <script src="/static/material/material-components-web.min.js?hash=mocked_hash_942790516" defer="defer"></script>
    <script src="/static/js/script.dart.js?hash=mocked_hash_573569793" defer="defer"></script>
    <script async="async" defer="defer" src="//www.google.com/insights/consumersurveys/async_survey?site=5wdvu4vc5lhop3xbatxof6lzcm"></script>
    <meta name="google-signin-client_id" content=""/>
    <script src="https://apis.google.com/js/platform.js?onload=pubAuthInit" defer="defer"></script>
    <meta name="pub-page-data" content="eyJwa2dEYXRhIjp7InBhY2thZ2UiOiJsaXRoaXVtIiwidmVyc2lvbiI6IjUuOC42IiwibGlrZXMiOjAsInB1Ymxpc2hlcklkIjoiZXhhbXBsZS5jb20iLCJpc0Rpc2NvbnRpbnVlZCI6ZmFsc2V9fQ=="/>
  </head>
  <body class="non-experimental">
    <header class="site-header-row">
      <div class="site-header">
        <h1 class="_visuallyhidden">Dart pub</h1>
        <button class="hamburger"></button>
        <div class="mask"></div>
        <div class="nav-wrap">
          <div class="nav-header">
            <a class="logo" href="/">
              <img src="/static/img/pub-dev-logo-2x.png?hash=mocked_hash_685890546" alt="dart pub logo"/>
            </a>
            <div class="_flex-space"></div>
            <button class="close"></button>
          </div>
          <nav class="site-nav">
            <span>Getting Started:</span>
            <div class="sub-wrap hoverable">
              <button class="button">Flutter</button>
              <div class="sub-nav">
                <a class="link" target="_blank" rel="noopener" href="https://flutter.io/using-packages/">Using packages</a>
                <a class="link" target="_blank" rel="noopener" href="https://flutter.io/developing-packages/">Developing packages and plugins</a>
                <a class="link" target="_blank" rel="noopener" href="https://dart.dev/tools/pub/publishing">Publishing a package</a>
                <a class="link" target="_blank" rel="noopener" href="https://dart.dev/tools/pub">Pub tool</a>
              </div>
            </div>
            <div class="sub-wrap hoverable">
              <button class="button">Web &amp; Server</button>
              <div class="sub-nav">
                <a class="link" target="_blank" rel="noopener" href="https://dart.dev/tools/pub/get-started">Using packages</a>
                <a class="link" target="_blank" rel="noopener" href="https://dart.dev/tools/pub/publishing">Publishing a package</a>
                <a class="link" target="_blank" rel="noopener" href="https://dart.dev/tools/pub">Pub tool</a>
              </div>
            </div>
          </nav>
          <div></div>
        </div>
        <div id="account-nav">
          <a id="-account-login" class="link">Sign in</a>
        </div>
      </div>
    </header>
    <div class="_banner-bg">
      <div class="container">
        <form class="search-bar banner-item" action="/packages">
          <input class="input" name="q" placeholder="Search packages" autocomplete="on" autofocus="autofocus"/>
          <button class="icon"></button>
          <input id="search-legacy-field" type="hidden" name="legacy" value="1" disabled="disabled"/>
        </form>
      </div>
    </div>
    <main class="container">
      <div class="detail-wrapper -active">
        <div class="detail-header">
          <h2 class="title">lithium 5.8.6</h2>
          <div class="metadata">
    
Published 
            <span>Mar 5, 2014</span>
â€¢ 
            <a class="-pub-publisher" href="/publishers/example.com">
              <img class="-pub-publisher-shield" height="22" width="22" title="Published by a pub.dev verified publisher" src="/static/img/verified-publisher-blue.svg"/>example.com
            </a>
            <!-- &bull; Downloads: X -->
            <div class="-pub-likes">
              <div>
                <button id="-pub-like-icon-button" class="mdc-icon-button" aria-label="Like this package" data-ga-click-event="toggle-like" aria-hidden="true" aria-pressed="true">
                  <img height="18" src="/static/img/thumb-up-24px.svg?hash=mocked_hash_808020279" class="mdc-icon-button__icon"/>
                  <img height="18" width="18" src="/static/img/thumb-up-filled-24px.svg?hash=mocked_hash_368133424" class="mdc-icon-button__icon mdc-icon-button__icon--on"/>
                </button>
                <span id="likes-count">0</span> likes
              </div>
            </div>
            <div class="tags">
              <span class="package-tag missing" title="Analysis should be ready soon.">[awaiting]</span>
            </div>
          </div>
        </div>
        <div class="detail-body">
          <div class="detail-tabs-wide-header">
            <div class="detail-container">
              <ul class="detail-tabs-header">
                <li class="tab-button -active" data-ga-click-event="tab:readme" data-name="-readme-tab-" role="button">Readme</li>
                <li class="tab-button" data-ga-click-event="tab:changelog" data-name="-changelog-tab-" role="button">Changelog</li>
                <li class="tab-button" data-ga-click-event="tab:installing" data-name="-installing-tab-" role="button">Installing</li>
                <li class="tab-link" data-name="-versions-tab-" role="button">
                  <a href="/packages/lithium/versions" data-ga-click-event="tab:versions">Versions</a>
                </li>
                <li class="tab-button" data-ga-click-event="tab:analysis" data-name="-analysis-tab-" role="button">
                  <div class="score-box">
                    <span class="number -rotten" title="Analysis and more details.">0</span>
                  </div>
                </li>
              </ul>
            </div>
          </div>
          <div class="detail-container detail-body-main">
            <div class="detail-tabs-content">
              <section class="tab-content -active markdown-body" data-name="-readme-tab-">
                <h1 class="hash-header" id="lithium">lithium 
                  <a href="#lithium" class="hash-link">#</a>
                </h1>
                <p>lithium is a Dart package</p>
              </section>
              <section class="tab-content markdown-body" data-name="-changelog-tab-">
                <h2 class="hash-header" id="586">5.8.6 
                  <a href="#586" class="hash-link">#</a>
                </h2>
                <ul>
                  <li>Bug fix #17.</li>
                </ul>
              </section>
              <section class="tab-content" data-name="-installing-tab-">
                <h2>Use this package as a library</h2>
                <h3>1. Depend on it</h3>
                <p>Add this to your package's pubspec.yaml file:</p>
                <pre>
                  <code class="language-yaml">
dependencies:
  
                    <strong>lithium: ^5.8.6</strong>
                  </code>
                </pre>
                <h3>2. Install it</h3>
                <p>You can install packages from the command line:</p>
                <p>with pub:</p>
                <pre>
                  <code class="language-shell">
$ 
                    <strong>pub get</strong>
                  </code>
                </pre>
                <p>Alternatively, your editor might support 
                  <code>pub get</code>.
  Check the docs for your editor to learn more.
                </p>
                <h3>3. Import it</h3>
                <p>Now in your Dart code, you can use:
  </p>
                <pre>
                  <code class="language-dart">
import 'package:lithium/lib/lithium.dart';
  </code>
                </pre>
              </section>
              <section class="tab-content" data-name="-analysis-tab-">
                <table id='scores-table'>
                  <tr>
                    <td class="score-name">
                      <div class="tooltip-base hoverable">
                        <span class="tooltip-dotted">Popularity:</span>
                        <div class="tooltip-content">
          Describes how popular the package is relative to other packages.
          
                          <a href="/help#popularity">[more]</a>
                        </div>
                      </div>
                    </td>
                    <td class="score-value">
                      <div class="score-percent-row">
                        <div class="score-percent" style="left: 0%;">--</div>
                      </div>
                      <div class="score-progress-row">
                        <div class="score-progress-frame">
                          <div class="score-progress" style="width: 0%; background: rgb(204, 204, 204);"></div>
                        </div>
                      </div>
                    </td>
                  </tr>
                  <tr>
                    <td class="score-name">
                      <div class="tooltip-base hoverable">
                        <span class="tooltip-dotted">Health:</span>
                        <div class="tooltip-content">
          Code health derived from static analysis.
          
                          <a href="/help#health">[more]</a>
                        </div>
                      </div>
                    </td>
                    <td class="score-value">
                      <div class="score-percent-row">
                        <div class="score-percent" style="left: 0%;">--</div>
                      </div>
                      <div class="score-progress-row">
                        <div class="score-progress-frame">
                          <div class="score-progress" style="width: 0%; background: rgb(204, 204, 204);"></div>
                        </div>
                      </div>
                    </td>
                  </tr>
                  <tr>
                    <td class="score-name">
                      <div class="tooltip-base hoverable">
                        <span class="tooltip-dotted">Maintenance:</span>
                        <div class="tooltip-content">
          Reflects how tidy and up-to-date the package is.
          
                          <a href="/help#maintenance">[more]</a>
                        </div>
                      </div>
                    </td>
                    <td class="score-value">
                      <div class="score-percent-row">
                        <div class="score-percent" style="left: 0%;">--</div>
                      </div>
                      <div class="score-progress-row">
                        <div class="score-progress-frame">
                          <div class="score-progress" style="width: 0%; background: rgb(204, 204, 204);"></div>
                        </div>
                      </div>
                    </td>
                  </tr>
                  <tr>
                    <td class="score-name">
                      <div class="tooltip-base hoverable">
                        <span class="tooltip-dotted">
                          <b>Overall:</b>
                        </span>
                        <div class="tooltip-content">
          Weighted score of the above.
          
                          <a href="/help#overall-score">[more]</a>
                        </div>
                      </div>
                    </td>
                    <td>
                      <div class="score-percent-row">
                        <div class="score-percent" style="left: 0%;">0</div>
                      </div>
                      <div class="score-progress-row">
                        <div class="score-progress-frame">
                          <div class="score-progress" style="width: 0%; background: rgb(187, 36, 0);"></div>
                        </div>
                      </div>
                    </td>
                  </tr>
                </table>
                <div style="text-align: right; font-size: 10pt;">Learn more about 
                  <a href="/help#scoring">scoring</a>.
                </div>
                <hr/>
                <p>
  We analyzed this package on , and provided a score, details, and suggestions below.
  Analysis was completed with status 
                  <i></i> using:

                </p>
                <ul>
                  <li>Dart: </li>
                  <li>pana: </li>
                </ul>
                <h4>Dependencies</h4>
                <div class="overflow-x">
                  <table class="dependency-table">
                    <tr>
                      <th>Package</th>
                      <th>Constraint</th>
                      <th>Resolved</th>
                      <th>Available</th>
                    </tr>
                    <tr>
                      <th colspan="4" class="sub-header">Direct dependencies</th>
                    </tr>
                    <tr>
                      <td>Dart SDK</td>
                      <td>>=2.4.0 &lt;3.0.0</td>
                      <td></td>
                      <td></td>
                    </tr>
                  </table>
                </div>
              </section>
            </div>
          </div>
          <aside class="detail-info-box">
            <h3 class="title">Publisher</h3>
            <p>
              <a href="/publishers/example.com">
                <img class="-pub-publisher-shield" height="22" width="22" title="Published by a pub.dev verified publisher" src="/static/img/verified-publisher-blue.svg?hash=mocked_hash_919645162"/>example.com
              </a>
            </p>
            <h3 class="title">About</h3>
            <p>lithium is a Dart package</p>
            <p>
              <a class="link" href="https://example.com/lithium">Homepage</a>
              <br/>
            </p>
            <h3 class="title">More</h3>
            <p>
              <a href="/packages?q=dependency%3Alithium" rel="nofollow">Packages that depend on lithium</a>
            </p>
          </aside>
        </div>
        <script type="application/ld+json">
{"@context":"http://schema.org","@type":"SoftwareSourceCode","name":"lithium","version":"5.8.6","description":"lithium - lithium is a Dart package","url":"https://pub.dev/packages/lithium","dateCreated":"2014-01-07T09:06:00.000","dateModified":"2014-03-05T06:15:00.000","programmingLanguage":"Dart","image":"https://pub.dev/static/img/pub-dev-icon-cover-image.png"}
</script>
      </div>
    </main>
    <footer class="site-footer">
      <a class="link" href="https://dart.dev/">Dart language</a>
      <a class="link sep" href="/policy">Policy</a>
      <a class="link sep" href="https://www.google.com/intl/en/policies/terms/">Terms</a>
      <a class="link sep" href="/security">Security</a>
      <a class="link sep" href="https://www.google.com/intl/en/policies/privacy/">Privacy</a>
      <a class="link sep" href="/help">Help</a>
      <a class="link sep icon" href="/feed.atom">
        <img src="/static/img/rss-feed-icon.svg?hash=mocked_hash_795155912" class="inline-icon" alt="RSS/atom feed" title="RSS/atom feed"/>
      </a>
      <a class="link icon github_issue" href="https://github.com/dart-lang/pub-dev/issues/new">
        <img src="/static/img/bug-report-white-96px.png?hash=mocked_hash_709947442" class="inline-icon" alt="Report an issue with this site" title="Report an issue with this site"/>
      </a>
    </footer>
    <script src="/static/highlight/highlight.pack.js?hash=mocked_hash_252154265"></script>
    <script src="/static/highlight/init.js?hash=mocked_hash_180963889"></script>
  </body>
</html>
