<fragment>
  <div class="list-filters">
    <a class="filter " href="/dart/packages?q=foo" title="Packages compatible with the Dart SDK">Dart</a>
    <a class="filter -active" href="/flutter/packages?q=foo" title="Packages compatible with the Flutter SDK">Flutter</a>
    <a class="filter " href="/packages?q=foo" title="Packages compatible with the any SDK">Any</a>
  </div>
</fragment>
