<fragment>
  <div class="list-filters">
    <a class="filter " href="/dart/packages" title="Packages compatible with the Dart SDK">Dart</a>
    <a class="filter " href="/flutter/packages" title="Packages compatible with the Flutter SDK">Flutter</a>
    <a class="filter -active" href="/packages" title="Packages compatible with the any SDK">Any</a>
  </div>
</fragment>
