<!DOCTYPE html>
<html lang="en-us">
  <head>
    <script async="async" src="https://www.googletagmanager.com/gtag/js?id=UA-26406144-13"></script>
    <script src="/static/js/gtag.js?hash=mocked_hash_221832925"></script>
    <meta charset="utf-8"/>
    <meta http-equiv="x-ua-compatible" content="ie=edge"/>
    <meta name="viewport" content="width=device-width, initial-scale=1"/>
    <!-- Twitter tags -->
    <meta name="twitter:card" content="summary"/>
    <meta name="twitter:site" content="@dart_lang"/>
    <meta name="twitter:description" content="Pub is the package manager for the Dart programming language, containing reusable libraries &amp; packages for Flutter, AngularDart, and general Dart programs."/>
    <meta name="twitter:image" content="https://pub.dev/static/img/pub-dev-icon-cover-image.png?hash=mocked_hash_355802124"/>
    <!-- Facebook OG tags -->
    <meta property="og:type" content="website"/>
    <meta property="og:site_name" content="Dart packages"/>
    <meta property="og:title" content="Packages of publisher example.com"/>
    <meta property="og:description" content="Pub is the package manager for the Dart programming language, containing reusable libraries &amp; packages for Flutter, AngularDart, and general Dart programs."/>
    <meta property="og:image" content="https://pub.dev/static/img/pub-dev-icon-cover-image.png?hash=mocked_hash_355802124"/>
    <title>Packages of publisher example.com</title>
    <link href="https://fonts.googleapis.com/css?family=Google+Sans:300,400,500|Google+Sans+Display:400|Roboto:300,400,500,700|Roboto+Mono:300,400,700" rel="stylesheet"/>
    <meta content="/static/img/pub-dev-icon-cover-image.png?hash=mocked_hash_355802124"/>
    <link rel="shortcut icon" href="/favicon.ico?hash=mocked_hash_985685822"/>
    <link rel="search" type="application/opensearchdescription+xml" title="Dart packages" href="/static/osd.xml?hash=mocked_hash_869379763"/>
    <meta name="description" content="Pub is the package manager for the Dart programming language, containing reusable libraries &amp; packages for Flutter, AngularDart, and general Dart programs."/>
    <link rel="alternate" type="application/atom+xml" title="Updated Packages Feed for Pub" href="/feed.atom"/>
    <link href="/static/material/material-components-web.min.css?hash=mocked_hash_335393842" rel="stylesheet" type="text/css"/>
    <link href="/static/highlight/github.css?hash=mocked_hash_145446167" rel="stylesheet"/>
    <link href="/static/css/github-markdown.css?hash=mocked_hash_488759485" rel="stylesheet" type="text/css"/>
    <link href="/static/css/style.css?hash=mocked_hash_537099079" rel="stylesheet" type="text/css"/>
    <script src="/static/material/material-components-web.min.js?hash=mocked_hash_942790516" defer="defer"></script>
    <script src="/static/js/script.dart.js?hash=mocked_hash_573569793" defer="defer"></script>
    <script async="async" defer="defer" src="//www.google.com/insights/consumersurveys/async_survey?site=5wdvu4vc5lhop3xbatxof6lzcm"></script>
    <meta name="google-signin-client_id" content=""/>
    <script src="https://apis.google.com/js/platform.js?onload=pubAuthInit" defer="defer"></script>
    <meta name="pub-page-data" content="eyJwdWJsaXNoZXIiOnsicHVibGlzaGVySWQiOiJleGFtcGxlLmNvbSJ9fQ=="/>
  </head>
  <body class="non-experimental">
    <header class="site-header-row">
      <div class="site-header">
        <h1 class="_visuallyhidden">Dart pub</h1>
        <button class="hamburger"></button>
        <div class="mask"></div>
        <div class="nav-wrap">
          <div class="nav-header">
            <a class="logo" href="/">
              <img src="/static/img/pub-dev-logo-2x.png?hash=mocked_hash_685890546" alt="dart pub logo"/>
            </a>
            <div class="_flex-space"></div>
            <button class="close"></button>
          </div>
          <nav class="site-nav">
            <span>Getting Started:</span>
            <div class="sub-wrap hoverable">
              <button class="button">Flutter</button>
              <div class="sub-nav">
                <a class="link" target="_blank" rel="noopener" href="https://flutter.io/using-packages/">Using packages</a>
                <a class="link" target="_blank" rel="noopener" href="https://flutter.io/developing-packages/">Developing packages and plugins</a>
                <a class="link" target="_blank" rel="noopener" href="https://dart.dev/tools/pub/publishing">Publishing a package</a>
                <a class="link" target="_blank" rel="noopener" href="https://dart.dev/tools/pub">Pub tool</a>
              </div>
            </div>
            <div class="sub-wrap hoverable">
              <button class="button">Web &amp; Server</button>
              <div class="sub-nav">
                <a class="link" target="_blank" rel="noopener" href="https://dart.dev/tools/pub/get-started">Using packages</a>
                <a class="link" target="_blank" rel="noopener" href="https://dart.dev/tools/pub/publishing">Publishing a package</a>
                <a class="link" target="_blank" rel="noopener" href="https://dart.dev/tools/pub">Pub tool</a>
              </div>
            </div>
          </nav>
          <div></div>
        </div>
        <div id="account-nav">
          <a id="-account-login" class="link">Sign in</a>
        </div>
      </div>
    </header>
    <div class="_banner-bg">
      <div class="container">
        <form class="search-bar banner-item" action="/publishers/example.com/packages">
          <input class="input" name="q" placeholder="Search example.com packages" autocomplete="on" autofocus="autofocus"/>
          <button class="icon"></button>
          <input id="search-legacy-field" type="hidden" name="legacy" value="1" disabled="disabled"/>
        </form>
      </div>
    </div>
    <main class="container">
      <div class="detail-wrapper -active">
        <div class="detail-header">
          <h2 class="title">
            <img class="-pub-publisher-shield" height="48" width="48" title="Domain ownership verifed by pub.dev" src="/static/img/verified-publisher-blue.svg?hash=mocked_hash_919645162"/>example.com
          </h2>
          <div class="metadata">
    
Publisher registered on Sep 13, 2019.

    
            <div class="tags"></div>
          </div>
        </div>
        <div class="detail-body">
          <div class="detail-tabs-wide-header">
            <div class="detail-container">
              <ul class="detail-tabs-header">
                <li class="tab-button -active" data-ga-click-event="tab:packages" data-name="-packages-tab-" role="button">Packages</li>
                <li class="tab-link" data-name="-admin-tab-" role="button">
                  <a href="/publishers/example.com/admin" data-ga-click-event="tab:admin">Admin</a>
                </li>
              </ul>
            </div>
          </div>
          <div class="detail-container detail-body-main">
            <div class="detail-tabs-content">
              <section class="tab-content -active" data-name="-packages-tab-">
                <div class="listing-sort-header">
                  <div class="tooltip-base hoverable">
                    <span class="tooltip-dotted">Sorted by:</span>
                    <select id="sort-control">
                      <option value="listing_relevance" selected="selected">listing relevance</option>
                      <option value="top">overall score</option>
                      <option value="updated">recently updated</option>
                      <option value="created">newest package</option>
                      <option value="popularity">popularity</option>
                    </select>
                    <div class="tooltip-content tooltip-bottom-left">
      Packages are sorted by the combination of their overall score and their specificity to the selected platform. More information on 
                      <a href="/help#ranking">ranking</a>.
    
                    </div>
                  </div>
                </div>

2 package(s) owned by 
                <code>example.com</code>.


                <ul class="package-list">
                  <li class="list-item -full">
                    <a href="/packages/super_package#-analysis-tab-">
                      <div class="score-box">
                        <span class="number -solid" title="Analysis and more details.">97</span>
                      </div>
                    </a>
                    <h3 class="title">
                      <a href="/packages/super_package">super_package</a>
                    </h3>
                    <p class="description">A great web UI library.</p>
                    <p class="metadata">
        v 
                      <a href="/packages/super_package">1.0.0</a>
        
        • updated: 
                      <span>3 Jan 2019</span>
                      <a class="package-tag" href="/dart/packages" title="sdk:dart">dart</a>
                    </p>
                  </li>
                  <li class="list-item -full">
                    <a href="/packages/another_package#-analysis-tab-">
                      <div class="score-box">
                        <span class="number -solid" title="Analysis and more details.">90</span>
                      </div>
                    </a>
                    <h3 class="title">
                      <a href="/packages/another_package">another_package</a>
                    </h3>
                    <p class="description">Camera plugin.</p>
                    <p class="metadata">
        v 
                      <a href="/packages/another_package">2.0.0</a>
         / 
                      <a href="/packages/another_package/versions/3.0.0-beta2">3.0.0-beta2</a>
        • updated: 
                      <span>30 Mar 2019</span>
                      <a class="package-tag" href="/flutter/packages" title="sdk:flutter">flutter</a>
                    </p>
                  </li>
                </ul>
                <ul class="pagination">
                  <li class="-disabled">
                    <a href="" rel="prev">
                      <span>«</span>
                    </a>
                  </li>
                  <li class="-active">
                    <a href="">
                      <span>1</span>
                    </a>
                  </li>
                  <li class="-disabled">
                    <a href="" rel="next">
                      <span>»</span>
                    </a>
                  </li>
                </ul>
              </section>
            </div>
          </div>
          <aside class="detail-info-box">
            <h3 class="title">Description</h3>
            <p>This is our little software developer shop.

We develop full-stack in Dart, and happy about it.</p>
            <h3 class="title">Publisher</h3>
            <p>
              <img class="-pub-publisher-shield" height="22" width="22" title="Domain ownership verified by pub.dev" src="/static/img/verified-publisher-blue.svg?hash=mocked_hash_919645162"/>example.com

            </p>
            <h3 class="title">Website</h3>
            <p>
              <a href="https://example.com/">example.com/</a>
            </p>
            <h3 class="title">Contact</h3>
            <p>
              <a href="mailto:hello@example.com">hello@example.com</a>
            </p>
            <h3 class="title">More</h3>
            <p>
              <a href="/packages?q=publisher%3Aexample.com" rel="nofollow">All packages of example.com</a>
            </p>
          </aside>
        </div>
      </div>
    </main>
    <footer class="site-footer">
      <a class="link" href="https://dart.dev/">Dart language</a>
      <a class="link sep" href="/policy">Policy</a>
      <a class="link sep" href="https://www.google.com/intl/en/policies/terms/">Terms</a>
      <a class="link sep" href="/security">Security</a>
      <a class="link sep" href="https://www.google.com/intl/en/policies/privacy/">Privacy</a>
      <a class="link sep" href="/help">Help</a>
      <a class="link sep icon" href="/feed.atom">
        <img src="/static/img/rss-feed-icon.svg?hash=mocked_hash_795155912" class="inline-icon" alt="RSS/atom feed" title="RSS/atom feed"/>
      </a>
      <a class="link icon github_issue" href="https://github.com/dart-lang/pub-dev/issues/new">
        <img src="/static/img/bug-report-white-96px.png?hash=mocked_hash_709947442" class="inline-icon" alt="Report an issue with this site" title="Report an issue with this site"/>
      </a>
    </footer>
  </body>
</html>
