<!DOCTYPE html>
<html lang="en-us">
  <head>
    <script async="async" src="https://www.googletagmanager.com/gtag/js?id=UA-26406144-13"></script>
    <script src="/static/js/gtag.js?hash=mocked_hash_221832925"></script>
    <meta charset="utf-8"/>
    <meta http-equiv="x-ua-compatible" content="ie=edge"/>
    <meta name="viewport" content="width=device-width, initial-scale=1"/>
    <meta name="robots" content="noindex"/>
    <!-- Twitter tags -->
    <meta name="twitter:card" content="summary"/>
    <meta name="twitter:site" content="@dart_lang"/>
    <meta name="twitter:description" content="Pub is the package manager for the Dart programming language, containing reusable libraries &amp; packages for Flutter, AngularDart, and general Dart programs."/>
    <meta name="twitter:image" content="https://pub.dev/static/img/pub-dev-icon-cover-image.png?hash=mocked_hash_355802124"/>
    <!-- Facebook OG tags -->
    <meta property="og:type" content="website"/>
    <meta property="og:site_name" content="Dart packages"/>
    <meta property="og:title" content="Search results for foobar."/>
    <meta property="og:description" content="Pub is the package manager for the Dart programming language, containing reusable libraries &amp; packages for Flutter, AngularDart, and general Dart programs."/>
    <meta property="og:image" content="https://pub.dev/static/img/pub-dev-icon-cover-image.png?hash=mocked_hash_355802124"/>
    <title>Search results for foobar.</title>
    <link href="https://fonts.googleapis.com/css?family=Google+Sans:300,400,500|Google+Sans+Display:400|Roboto:300,400,500,700|Roboto+Mono:300,400,700" rel="stylesheet"/>
    <meta content="/static/img/pub-dev-icon-cover-image.png?hash=mocked_hash_355802124"/>
    <link rel="shortcut icon" href="/favicon.ico?hash=mocked_hash_985685822"/>
    <link rel="search" type="application/opensearchdescription+xml" title="Dart packages" href="/static/osd.xml?hash=mocked_hash_869379763"/>
    <meta name="description" content="Pub is the package manager for the Dart programming language, containing reusable libraries &amp; packages for Flutter, AngularDart, and general Dart programs."/>
    <link rel="alternate" type="application/atom+xml" title="Updated Packages Feed for Pub" href="/feed.atom"/>
    <link href="/static/material/material-components-web.min.css?hash=mocked_hash_335393842" rel="stylesheet" type="text/css"/>
    <link href="/static/highlight/github.css?hash=mocked_hash_145446167" rel="stylesheet"/>
    <link href="/static/css/github-markdown.css?hash=mocked_hash_488759485" rel="stylesheet" type="text/css"/>
    <link href="/static/css/style.css?hash=mocked_hash_537099079" rel="stylesheet" type="text/css"/>
    <script src="/static/material/material-components-web.min.js?hash=mocked_hash_942790516" defer="defer"></script>
    <script src="/static/js/script.dart.js?hash=mocked_hash_573569793" defer="defer"></script>
    <script async="async" defer="defer" src="//www.google.com/insights/consumersurveys/async_survey?site=5wdvu4vc5lhop3xbatxof6lzcm"></script>
    <meta name="google-signin-client_id" content=""/>
    <script src="https://apis.google.com/js/platform.js?onload=pubAuthInit" defer="defer"></script>
  </head>
  <body class="non-experimental">
    <header class="site-header-row">
      <div class="site-header">
        <h1 class="_visuallyhidden">Dart pub</h1>
        <button class="hamburger"></button>
        <div class="mask"></div>
        <div class="nav-wrap">
          <div class="nav-header">
            <a class="logo" href="/">
              <img src="/static/img/pub-dev-logo-2x.png?hash=mocked_hash_685890546" alt="dart pub logo"/>
            </a>
            <div class="_flex-space"></div>
            <button class="close"></button>
          </div>
          <nav class="site-nav">
            <span>Getting Started:</span>
            <div class="sub-wrap hoverable">
              <button class="button">Flutter</button>
              <div class="sub-nav">
                <a class="link" target="_blank" rel="noopener" href="https://flutter.io/using-packages/">Using packages</a>
                <a class="link" target="_blank" rel="noopener" href="https://flutter.io/developing-packages/">Developing packages and plugins</a>
                <a class="link" target="_blank" rel="noopener" href="https://dart.dev/tools/pub/publishing">Publishing a package</a>
                <a class="link" target="_blank" rel="noopener" href="https://dart.dev/tools/pub">Pub tool</a>
              </div>
            </div>
            <div class="sub-wrap hoverable">
              <button class="button">Web &amp; Server</button>
              <div class="sub-nav">
                <a class="link" target="_blank" rel="noopener" href="https://dart.dev/tools/pub/get-started">Using packages</a>
                <a class="link" target="_blank" rel="noopener" href="https://dart.dev/tools/pub/publishing">Publishing a package</a>
                <a class="link" target="_blank" rel="noopener" href="https://dart.dev/tools/pub">Pub tool</a>
              </div>
            </div>
          </nav>
          <div></div>
        </div>
        <div id="account-nav">
          <a id="-account-login" class="link">Sign in</a>
        </div>
      </div>
    </header>
    <div class="_banner-bg">
      <div class="container">
        <form class="search-bar banner-item" action="/packages">
          <input class="input" name="q" placeholder="Search packages" autocomplete="on" value="foobar"/>
          <button class="icon"></button>
          <input type="hidden" name="sort" value="top"/>
          <input id="search-legacy-field" type="hidden" name="legacy" value="1" disabled="disabled"/>
        </form>
        <div class="search-bar-details banner-item">
          <div class="list-filters">
            <a class="filter " href="/dart/packages?q=foobar&amp;sort=top" title="Packages compatible with the Dart SDK">Dart</a>
            <a class="filter " href="/flutter/packages?q=foobar&amp;sort=top" title="Packages compatible with the Flutter SDK">Flutter</a>
            <a class="filter -active" href="/packages?q=foobar&amp;sort=top" title="Packages compatible with the any SDK">Any</a>
          </div>
          <div class="search-bar-options">
            <input id="search-legacy-checkbox" type="checkbox" name="legacy" valye="1"/>
            <label for="search-legacy-checkbox">Include Dart 1.x results</label>
          </div>
        </div>
      </div>
    </div>
    <main class="container">
      <div class="listing-sort-header">
        <div class="tooltip-base hoverable">
          <span class="tooltip-dotted">Sorted by:</span>
          <select id="sort-control">
            <option value="search_relevance">search relevance</option>
            <option value="top" selected="selected">overall score</option>
            <option value="updated">recently updated</option>
            <option value="created">newest package</option>
            <option value="popularity">popularity</option>
          </select>
          <div class="tooltip-content tooltip-bottom-left">
      Packages are sorted by the overall score. More information on 
            <a href="/help#ranking">ranking</a>.
    
          </div>
        </div>
      </div>
      <p class="package-count">
        <span>2</span> results for 
        <code>foobar</code>
      </p>
      <ul class="package-list">
        <li class="list-item -full">
          <a href="/packages/foobar_pkg#-analysis-tab-">
            <div class="score-box">
              <span class="number -rotten" title="Analysis and more details.">0</span>
            </div>
          </a>
          <h3 class="title">
            <a href="/packages/foobar_pkg">foobar_pkg</a>
          </h3>
          <p class="description">my package description</p>
          <p class="metadata">
        v 
            <a href="/packages/foobar_pkg">0.1.1+5</a>
         / 
            <a href="/packages/foobar_pkg/versions/0.2.0-dev">0.2.0-dev</a>
        • updated: 
            <span>Jan 1, 2014</span>
            <span class="package-tag missing" title="Analysis should be ready soon.">[awaiting]</span>
          </p>
          <div class="api_pages">
        API results:
        
            <ul>
              <li>
                <a href="/documentation/foobar_pkg/latest/some/some-library.html">some/some-library.html</a>
              </li>
              <li>
                <a href="/documentation/foobar_pkg/latest/some/x-class.html">Class X</a>
              </li>
            </ul>
          </div>
        </li>
        <li class="list-item -full">
          <a href="/packages/foobar_pkg#-analysis-tab-">
            <div class="score-box">
              <span class="number -rotten" title="Analysis and more details.">0</span>
            </div>
          </a>
          <h3 class="title">
            <a href="/packages/foobar_pkg">foobar_pkg</a>
          </h3>
          <p class="description">my package description</p>
          <p class="metadata">
        v 
            <a href="/packages/foobar_pkg">0.1.1+5</a>
         / 
            <a href="/packages/foobar_pkg/versions/0.2.0-dev">0.2.0-dev</a>
        • updated: 
            <span>Jan 1, 2015</span>
            <a class="package-tag" href="/flutter/packages" title="sdk:flutter">flutter</a>
          </p>
        </li>
      </ul>
      <ul class="pagination">
        <li class="-disabled">
          <a href="" rel="prev">
            <span>«</span>
          </a>
        </li>
        <li class="-active">
          <a href="">
            <span>1</span>
          </a>
        </li>
        <li class="">
          <a href="/packages?q=foobar&amp;sort=top&amp;page=2" rel="next">
            <span>2</span>
          </a>
        </li>
        <li class="">
          <a href="/packages?q=foobar&amp;sort=top&amp;page=3">
            <span>3</span>
          </a>
        </li>
        <li class="">
          <a href="/packages?q=foobar&amp;sort=top&amp;page=4">
            <span>4</span>
          </a>
        </li>
        <li class="">
          <a href="/packages?q=foobar&amp;sort=top&amp;page=5">
            <span>5</span>
          </a>
        </li>
        <li class="">
          <a href="/packages?q=foobar&amp;sort=top&amp;page=2" rel="next">
            <span>»</span>
          </a>
        </li>
      </ul>
      <p>Check our help page for 
        <a href="/help#search">advanced search expressions</a>.
      </p>
    </main>
    <footer class="site-footer">
      <a class="link" href="https://dart.dev/">Dart language</a>
      <a class="link sep" href="/policy">Policy</a>
      <a class="link sep" href="https://www.google.com/intl/en/policies/terms/">Terms</a>
      <a class="link sep" href="/security">Security</a>
      <a class="link sep" href="https://www.google.com/intl/en/policies/privacy/">Privacy</a>
      <a class="link sep" href="/help">Help</a>
      <a class="link sep icon" href="/feed.atom">
        <img src="/static/img/rss-feed-icon.svg?hash=mocked_hash_795155912" class="inline-icon" alt="RSS/atom feed" title="RSS/atom feed"/>
      </a>
      <a class="link icon github_issue" href="https://github.com/dart-lang/pub-dev/issues/new">
        <img src="/static/img/bug-report-white-96px.png?hash=mocked_hash_709947442" class="inline-icon" alt="Report an issue with this site" title="Report an issue with this site"/>
      </a>
    </footer>
  </body>
</html>
